# serializer version: 1
# name: test_node_path_code[2_0]
  def forward(self, x : torch.Tensor):
      child_a = self.child_a(x);  x = None
      getitem = child_a[0]
      getitem_1 = getitem[0];  getitem = None
      getitem_2 = child_a[1];  child_a = None
      getitem_3 = getitem_2[0]
      getitem_4 = getitem_3[0]
      getitem_5 = getitem_4[0];  getitem_4 = None
      getitem_6 = getitem_3[1];  getitem_3 = None
      getitem_7 = getitem_2[1]
      getitem_8 = getitem_7[0]
      getitem_9 = getitem_8[0];  getitem_8 = None
      getitem_10 = getitem_7[1];  getitem_7 = None
      getitem_11 = getitem_2[2];  getitem_2 = None
      getitem_12 = getitem_11[0]
      getitem_13 = getitem_12[0];  getitem_12 = None
      getitem_14 = getitem_11[1];  getitem_11 = None
      linear_0 = getattr(self.linear, "0")(getitem_1);  getitem_1 = None
      add = linear_0 + 2
      linear_1 = getattr(self.linear, "1")(add);  add = None
      return ((linear_0,), [([getitem_5], getitem_6), ([getitem_9], getitem_10), ([getitem_13], getitem_14)], {'nested_dict': [(linear_1,)]})
# ---
# name: test_node_path_code[2_1]
  def forward(self, x : torch.Tensor):
      child_a = self.child_a(x);  x = None
      getitem = child_a[0]
      getitem_1 = getitem[0];  getitem = None
      getitem_2 = child_a[1];  child_a = None
      getitem_3 = getitem_2[0]
      getitem_4 = getitem_3[0]
      getitem_5 = getitem_4[0];  getitem_4 = None
      getitem_6 = getitem_3[1];  getitem_3 = None
      getitem_7 = getitem_2[1]
      getitem_8 = getitem_7[0]
      getitem_9 = getitem_8[0];  getitem_8 = None
      getitem_10 = getitem_7[1];  getitem_7 = None
      getitem_11 = getitem_2[2];  getitem_2 = None
      getitem_12 = getitem_11[0]
      getitem_13 = getitem_12[0];  getitem_12 = None
      getitem_14 = getitem_11[1];  getitem_11 = None
      linear_0 = getattr(self.linear, "0")(getitem_1);  getitem_1 = None
      add = linear_0 + 2
      linear_1 = getattr(self.linear, "1")(add);  add = None
      return ((linear_0,), [([getitem_5], getitem_6), ([getitem_9], getitem_10), ([getitem_13], getitem_14)], {'nested_dict': [(linear_1,)]})
# ---
