'''
<root>: CompiledGraphModule
├─x: Tensor(3, 2)
├─ln: CompiledGraphModule
│ ├─input: Tensor(3, 2)
│ ├─self_eps: float
│ ├─weight: Tensor(2)
│ ├─bias: Tensor(2)
│ ├─layer_norm: Tensor(3, 2)
│ └─output: Tensor(3, 2)
└─output: Tensor(3, 2)
'''