'''
<root>: CompiledGraphModule
├─sub_shape: int
├─sub_code_1: int
├─add: Tensor(3, 2)
├─add_1: Tensor(3, 2)
├─add_2: Tensor(3, 2)
├─add_3: Tensor(3, 2)
├─_code_: CompiledGraphModule
│ ├─input: Tensor(3, 2)
│ ├─weight: Tensor(3, 2)
│ ├─bias: Tensor(3)
│ ├─linear: Tensor(3, 3)
│ └─output: Tensor(3, 3)
└─output: Tensor(3, 3)
'''