'''
<root>: CompiledGraphModule
├─x: Tensor(3, 2)
├─attribute_to_serialize: float
├─add: Tensor(3, 2)
├─linear: CompiledGraphModule
│ ├─input: Tensor(3, 2)
│ ├─weight: Tensor(3, 2)
│ ├─bias: Tensor(3)
│ ├─linear: Tensor(3, 3)
│ └─output: Tensor(3, 3)
└─output: Tensor(3, 3)
'''